// Jest Snapshot v1, https://goo.gl/fbAQLP

exports[`<pages><Home> - renders component 1`] = `
<section
  class="sc-ifAKCX eJQwDj"
>
  <img
    class="sc-gzVnrw hJRzZz"
    src="star-wars-seeklogo.svg"
  >
    
  </img>
</section>
`;
